<?xml version="1.0" encoding="UTF-8"?>
<TestRun id="2c30ea88-ebb7-431c-ae55-41f07d0529d5" name="Administrator@DESIKAN 2012-07-04 21:55:34" runUser="DESIKAN\Administrator" xmlns="http://microsoft.com/schemas/VisualStudio/TeamTest/2010">
  <TestSettings name="Local" id="dec9f07d-adcd-413e-95d2-bbaab9548edf">
    <Description>These are default test settings for a local test run.</Description>
    <Deployment enabled="false" runDeploymentRoot="Administrator_DESIKAN 2012-07-04 21_55_34">
      <DeploymentItem filename="C:\Documents and Settings\Administrator\my documents\visual studio 2010\Projects\Logistic Regression\Logistic Regression\bin\Debug\Logistic Regression.dll" />
    </Deployment>
    <Execution>
      <TestTypeSpecific />
      <AgentRule name="Execution Agents">
      </AgentRule>
    </Execution>
  </TestSettings>
  <Times creation="2012-07-04T21:55:34.9687500+05:30" queuing="2012-07-04T21:55:36.4687500+05:30" start="2012-07-04T21:55:36.5156250+05:30" finish="2012-07-04T21:55:37.0312500+05:30" />
  <ResultSummary outcome="Failed">
    <Counters total="1" executed="1" error="0" failed="1" timeout="0" aborted="0" inconclusive="0" passedButRunAborted="0" notRunnable="0" notExecuted="0" disconnected="0" warning="0" passed="0" completed="0" inProgress="0" pending="0" />
  </ResultSummary>
  <TestDefinitions>
    <UnitTest name="TestFileRead" storage="c:\documents and settings\administrator\my documents\visual studio 2010\projects\logistic regression\logisticregressiontest\bin\debug\logisticregressiontest.dll" id="0375d41c-b09b-af9e-7b09-ceb8fdcce24a">
      <Execution id="d5f9e878-0b70-47f1-80e1-4c00e30a43b7" />
      <TestMethod codeBase="C:/Documents and Settings/Administrator/my documents/visual studio 2010/Projects/Logistic Regression/LogisticRegressionTest/bin/Debug/LogisticRegressionTest.DLL" adapterTypeName="Microsoft.VisualStudio.TestTools.TestTypes.Unit.UnitTestAdapter, Microsoft.VisualStudio.QualityTools.Tips.UnitTest.Adapter, Version=10.0.0.0, Culture=neutral, PublicKeyToken=b03f5f7f11d50a3a" className="LogisticRegressionTest.LogisticRegressionTest, LogisticRegressionTest, Version=1.0.0.0, Culture=neutral, PublicKeyToken=null" name="TestFileRead" />
    </UnitTest>
  </TestDefinitions>
  <TestLists>
    <TestList name="Results Not in a List" id="8c84fa94-04c1-424b-9868-57a2d4851a1d" />
    <TestList name="All Loaded Results" id="19431567-8539-422a-85d7-44ee4e166bda" />
  </TestLists>
  <TestEntries>
    <TestEntry testId="0375d41c-b09b-af9e-7b09-ceb8fdcce24a" executionId="d5f9e878-0b70-47f1-80e1-4c00e30a43b7" testListId="8c84fa94-04c1-424b-9868-57a2d4851a1d" />
  </TestEntries>
  <Results>
    <UnitTestResult executionId="d5f9e878-0b70-47f1-80e1-4c00e30a43b7" testId="0375d41c-b09b-af9e-7b09-ceb8fdcce24a" testName="TestFileRead" computerName="DESIKAN" duration="00:00:00.2258355" startTime="2012-07-04T21:55:36.5156250+05:30" endTime="2012-07-04T21:55:37.0000000+05:30" testType="13cdc9d9-ddb5-4fa4-a97d-d965ccfc6d4b" outcome="Failed" testListId="8c84fa94-04c1-424b-9868-57a2d4851a1d" relativeResultsDirectory="d5f9e878-0b70-47f1-80e1-4c00e30a43b7">
      <Output>
        <ErrorInfo>
          <Message>Test method LogisticRegressionTest.LogisticRegressionTest.TestFileRead threw exception: 
System.IO.FileNotFoundException: Could not find file 'C:\Documents and Settings\Administrator\my documents\visual studio 2010\Projects\Logistic Regression\TestResults\Administrator_DESIKAN 2012-07-04 21_55_34\Out\ex1data1.txt'.</Message>
          <StackTrace>    at System.IO.__Error.WinIOError(Int32 errorCode, String maybeFullPath)
   at System.IO.FileStream.Init(String path, FileMode mode, FileAccess access, Int32 rights, Boolean useRights, FileShare share, Int32 bufferSize, FileOptions options, SECURITY_ATTRIBUTES secAttrs, String msgPath, Boolean bFromProxy, Boolean useLongPath)
   at System.IO.FileStream..ctor(String path, FileMode mode, FileAccess access, FileShare share, Int32 bufferSize, FileOptions options)
   at System.IO.StreamReader..ctor(String path, Encoding encoding, Boolean detectEncodingFromByteOrderMarks, Int32 bufferSize)
   at System.IO.StreamReader..ctor(String path, Encoding encoding)
   at System.IO.File.InternalReadAllLines(String path, Encoding encoding)
   at System.IO.File.ReadAllLines(String path)
   at Logistic_Regression.LogisticRegression.ReadInputFromFile(String filePath) in C:\Documents and Settings\Administrator\my documents\visual studio 2010\Projects\Logistic Regression\Logistic Regression\LogisticRegression.cs:line 90
   at LogisticRegressionTest.LogisticRegressionTest.TestFileRead() in C:\Documents and Settings\Administrator\my documents\visual studio 2010\Projects\Logistic Regression\LogisticRegressionTest\LogisticRegressionTest.cs:line 38
</StackTrace>
        </ErrorInfo>
      </Output>
    </UnitTestResult>
  </Results>
</TestRun>