<?xml version="1.0" encoding="UTF-8"?>
<TestRun id="0b1c088f-63aa-4850-9bdd-d5bb5e027abd" name="Administrator@DESIKAN 2012-07-04 21:30:10" runUser="DESIKAN\Administrator" xmlns="http://microsoft.com/schemas/VisualStudio/TeamTest/2010">
  <TestSettings name="Local" id="dec9f07d-adcd-413e-95d2-bbaab9548edf">
    <Description>These are default test settings for a local test run.</Description>
    <Deployment enabled="false" runDeploymentRoot="Administrator_DESIKAN 2012-07-04 21_30_10">
      <DeploymentItem filename="C:\Documents and Settings\Administrator\my documents\visual studio 2010\Projects\Logistic Regression\Logistic Regression\bin\Debug\Logistic Regression.dll" />
    </Deployment>
    <Execution>
      <TestTypeSpecific />
      <AgentRule name="Execution Agents">
      </AgentRule>
    </Execution>
  </TestSettings>
  <Times creation="2012-07-04T21:30:10.2343750+05:30" queuing="2012-07-04T21:30:11.6406250+05:30" start="2012-07-04T21:30:11.7031250+05:30" finish="2012-07-04T21:30:12.2187500+05:30" />
  <ResultSummary outcome="Completed">
    <Counters total="1" executed="1" passed="1" error="0" failed="0" timeout="0" aborted="0" inconclusive="0" passedButRunAborted="0" notRunnable="0" notExecuted="0" disconnected="0" warning="0" completed="0" inProgress="0" pending="0" />
  </ResultSummary>
  <TestDefinitions>
    <UnitTest name="TestPrependingOnes" storage="c:\documents and settings\administrator\my documents\visual studio 2010\projects\logistic regression\logisticregressiontest\bin\debug\logisticregressiontest.dll" id="3fb418ca-b643-caba-fcc3-b1e763b47df3">
      <Execution id="c5d67560-98df-4249-bb69-89ad9983fede" />
      <TestMethod codeBase="C:/Documents and Settings/Administrator/my documents/visual studio 2010/Projects/Logistic Regression/LogisticRegressionTest/bin/Debug/LogisticRegressionTest.DLL" adapterTypeName="Microsoft.VisualStudio.TestTools.TestTypes.Unit.UnitTestAdapter, Microsoft.VisualStudio.QualityTools.Tips.UnitTest.Adapter, Version=10.0.0.0, Culture=neutral, PublicKeyToken=b03f5f7f11d50a3a" className="LogisticRegressionTest.LogisticRegressionTest, LogisticRegressionTest, Version=1.0.0.0, Culture=neutral, PublicKeyToken=null" name="TestPrependingOnes" />
    </UnitTest>
  </TestDefinitions>
  <TestLists>
    <TestList name="Results Not in a List" id="8c84fa94-04c1-424b-9868-57a2d4851a1d" />
    <TestList name="All Loaded Results" id="19431567-8539-422a-85d7-44ee4e166bda" />
  </TestLists>
  <TestEntries>
    <TestEntry testId="3fb418ca-b643-caba-fcc3-b1e763b47df3" executionId="c5d67560-98df-4249-bb69-89ad9983fede" testListId="8c84fa94-04c1-424b-9868-57a2d4851a1d" />
  </TestEntries>
  <Results>
    <UnitTestResult executionId="c5d67560-98df-4249-bb69-89ad9983fede" testId="3fb418ca-b643-caba-fcc3-b1e763b47df3" testName="TestPrependingOnes" computerName="DESIKAN" duration="00:00:00.0166528" startTime="2012-07-04T21:30:11.7343750+05:30" endTime="2012-07-04T21:30:12.1718750+05:30" testType="13cdc9d9-ddb5-4fa4-a97d-d965ccfc6d4b" outcome="Passed" testListId="8c84fa94-04c1-424b-9868-57a2d4851a1d" relativeResultsDirectory="c5d67560-98df-4249-bb69-89ad9983fede">
      <Output>
        <StdOut>1 
2 
2</StdOut>
      </Output>
    </UnitTestResult>
  </Results>
</TestRun>